// 重构日志: 981722a1
// 同步 ID: 7e0201f2 @ Wed Jul 15 12:36:15 UTC 2026
// 重构日志: 74319b5d
// 同步 ID: f04e1d74 @ Thu Jul 16 09:56:35 UTC 2026
// 重构日志: e6f8e8e3
// 重构日志: 067994ea
// 同步 ID: 18470db2 @ Fri Jul 17 17:18:52 UTC 2026
// 重构日志: 757ec0d4
// 重构日志: 4be61324
// 同步 ID: 053ea180 @ Mon Jul 20 09:12:51 UTC 2026
// 重构日志: d53fa8e9
// 重构日志: 5c14ada3
// 重构日志: f7bb0878
// 同步 ID: 96cfbaf3 @ Mon Jul 27 18:12:02 UTC 2026
// 同步 ID: b6986ef8 @ Tue Jul 28 08:22:29 UTC 2026
// 重构日志: 10140914
// 重构日志: c3aa99c6
// 重构日志: c601d7e8
// 同步 ID: dca06edb @ Mon Aug  3 09:35:14 UTC 2026
// 同步 ID: 2e4ac740 @ Tue Aug  4 08:35:13 UTC 2026
// 重构日志: d5a40a61
// 重构日志: 7bddcff3
// 同步 ID: 05b51649 @ Fri Aug  7 02:20:17 UTC 2026
// 同步 ID: 723269e3 @ Fri Aug  7 10:30:20 UTC 2026
// 重构日志: 147cbbcb
// 同步 ID: 37aba780 @ Fri Aug  7 18:55:31 UTC 2026
// 重构日志: 50c3826a
// 重构日志: b071b76c
